// Jest Snapshot v1, https://goo.gl/fbAQLP

exports[`renders correctly 1`] = `
ShallowWrapper {
  Symbol(enzyme.__root__): [Circular],
  Symbol(enzyme.__unrendered__): <Header />,
  Symbol(enzyme.__renderer__): Object {
    "batchedUpdates": [Function],
    "checkPropTypes": [Function],
    "getNode": [Function],
    "render": [Function],
    "simulateError": [Function],
    "simulateEvent": [Function],
    "unmount": [Function],
  },
  Symbol(enzyme.__node__): Object {
    "instance": null,
    "key": undefined,
    "nodeType": "host",
    "props": Object {
      "children": <nav
        className="navWrapper"
      >
        <div
          className="nav-wrapper"
        >
          <div
            className="brand-logo center"
          >
            Chuck Norris Jokes
          </div>
          <ul
            className="left hide-on-med-and-down"
            id="nav-mobile"
          >
            <li>
              <img
                alt="chuck"
                className="navLogo"
                src="/assets/chuck-norris.jpg"
              />
            </li>
          </ul>
        </div>
      </nav>,
      "className": "navMain",
    },
    "ref": null,
    "rendered": Object {
      "instance": null,
      "key": undefined,
      "nodeType": "host",
      "props": Object {
        "children": <div
          className="nav-wrapper"
        >
          <div
            className="brand-logo center"
          >
            Chuck Norris Jokes
          </div>
          <ul
            className="left hide-on-med-and-down"
            id="nav-mobile"
          >
            <li>
              <img
                alt="chuck"
                className="navLogo"
                src="/assets/chuck-norris.jpg"
              />
            </li>
          </ul>
        </div>,
        "className": "navWrapper",
      },
      "ref": null,
      "rendered": Object {
        "instance": null,
        "key": undefined,
        "nodeType": "host",
        "props": Object {
          "children": Array [
            <div
              className="brand-logo center"
            >
              Chuck Norris Jokes
            </div>,
            <ul
              className="left hide-on-med-and-down"
              id="nav-mobile"
            >
              <li>
                <img
                  alt="chuck"
                  className="navLogo"
                  src="/assets/chuck-norris.jpg"
                />
              </li>
            </ul>,
          ],
          "className": "nav-wrapper",
        },
        "ref": null,
        "rendered": Array [
          Object {
            "instance": null,
            "key": undefined,
            "nodeType": "host",
            "props": Object {
              "children": "Chuck Norris Jokes",
              "className": "brand-logo center",
            },
            "ref": null,
            "rendered": "Chuck Norris Jokes",
            "type": "div",
          },
          Object {
            "instance": null,
            "key": undefined,
            "nodeType": "host",
            "props": Object {
              "children": <li>
                <img
                  alt="chuck"
                  className="navLogo"
                  src="/assets/chuck-norris.jpg"
                />
              </li>,
              "className": "left hide-on-med-and-down",
              "id": "nav-mobile",
            },
            "ref": null,
            "rendered": Object {
              "instance": null,
              "key": undefined,
              "nodeType": "host",
              "props": Object {
                "children": <img
                  alt="chuck"
                  className="navLogo"
                  src="/assets/chuck-norris.jpg"
                />,
              },
              "ref": null,
              "rendered": Object {
                "instance": null,
                "key": undefined,
                "nodeType": "host",
                "props": Object {
                  "alt": "chuck",
                  "className": "navLogo",
                  "src": "/assets/chuck-norris.jpg",
                },
                "ref": null,
                "rendered": null,
                "type": "img",
              },
              "type": "li",
            },
            "type": "ul",
          },
        ],
        "type": "div",
      },
      "type": "nav",
    },
    "type": "div",
  },
  Symbol(enzyme.__nodes__): Array [
    Object {
      "instance": null,
      "key": undefined,
      "nodeType": "host",
      "props": Object {
        "children": <nav
          className="navWrapper"
        >
          <div
            className="nav-wrapper"
          >
            <div
              className="brand-logo center"
            >
              Chuck Norris Jokes
            </div>
            <ul
              className="left hide-on-med-and-down"
              id="nav-mobile"
            >
              <li>
                <img
                  alt="chuck"
                  className="navLogo"
                  src="/assets/chuck-norris.jpg"
                />
              </li>
            </ul>
          </div>
        </nav>,
        "className": "navMain",
      },
      "ref": null,
      "rendered": Object {
        "instance": null,
        "key": undefined,
        "nodeType": "host",
        "props": Object {
          "children": <div
            className="nav-wrapper"
          >
            <div
              className="brand-logo center"
            >
              Chuck Norris Jokes
            </div>
            <ul
              className="left hide-on-med-and-down"
              id="nav-mobile"
            >
              <li>
                <img
                  alt="chuck"
                  className="navLogo"
                  src="/assets/chuck-norris.jpg"
                />
              </li>
            </ul>
          </div>,
          "className": "navWrapper",
        },
        "ref": null,
        "rendered": Object {
          "instance": null,
          "key": undefined,
          "nodeType": "host",
          "props": Object {
            "children": Array [
              <div
                className="brand-logo center"
              >
                Chuck Norris Jokes
              </div>,
              <ul
                className="left hide-on-med-and-down"
                id="nav-mobile"
              >
                <li>
                  <img
                    alt="chuck"
                    className="navLogo"
                    src="/assets/chuck-norris.jpg"
                  />
                </li>
              </ul>,
            ],
            "className": "nav-wrapper",
          },
          "ref": null,
          "rendered": Array [
            Object {
              "instance": null,
              "key": undefined,
              "nodeType": "host",
              "props": Object {
                "children": "Chuck Norris Jokes",
                "className": "brand-logo center",
              },
              "ref": null,
              "rendered": "Chuck Norris Jokes",
              "type": "div",
            },
            Object {
              "instance": null,
              "key": undefined,
              "nodeType": "host",
              "props": Object {
                "children": <li>
                  <img
                    alt="chuck"
                    className="navLogo"
                    src="/assets/chuck-norris.jpg"
                  />
                </li>,
                "className": "left hide-on-med-and-down",
                "id": "nav-mobile",
              },
              "ref": null,
              "rendered": Object {
                "instance": null,
                "key": undefined,
                "nodeType": "host",
                "props": Object {
                  "children": <img
                    alt="chuck"
                    className="navLogo"
                    src="/assets/chuck-norris.jpg"
                  />,
                },
                "ref": null,
                "rendered": Object {
                  "instance": null,
                  "key": undefined,
                  "nodeType": "host",
                  "props": Object {
                    "alt": "chuck",
                    "className": "navLogo",
                    "src": "/assets/chuck-norris.jpg",
                  },
                  "ref": null,
                  "rendered": null,
                  "type": "img",
                },
                "type": "li",
              },
              "type": "ul",
            },
          ],
          "type": "div",
        },
        "type": "nav",
      },
      "type": "div",
    },
  ],
  Symbol(enzyme.__options__): Object {
    "adapter": ReactSixteenAdapter {
      "options": Object {
        "enableComponentDidUpdateOnSetState": true,
        "legacyContextMode": "parent",
        "lifecycles": Object {
          "componentDidUpdate": Object {
            "onSetState": true,
          },
          "getChildContext": Object {
            "calledByRenderer": false,
          },
          "getDerivedStateFromProps": true,
          "getSnapshotBeforeUpdate": true,
          "setState": Object {
            "skipsComponentDidUpdateOnNullish": true,
          },
        },
      },
    },
  },
}
`;
